     1                                  bits 32 ; assembling for the 32 bits architecture
     2                                  
     3                                  ; declare the EntryPoint (a label defining the very first instruction of the program)
     4                                  global start        
     5                                  
     6                                  ; declare external functions needed by our program
     7                                  extern exit               ; tell nasm that exit exists even if we won't be defining it
     8                                  import exit msvcrt.dll    ; exit is a function that ends the calling process. It is defined in msvcrt.dll
     9                                                            ; msvcrt.dll contains exit, printf and all the other important C-runtime specific functions
    10                                  
    11                                  ; our data is declared here (the variables needed by our program)
    12                                  
    13                                  ; -2*5
    14                                  
    15                                  segment data use32 class=data
    16                                      ; ...
    17 00000000 05                          a db 5
    18 00000001 02                          b db 2
    19                                  
    20                                  ; our code starts here
    21                                  segment code use32 class=code
    22                                      start:
    23                                          ; ...
    24 00000000 A0[00000000]                  mov al, [a]
    25 00000005 F61D[01000000]                neg byte[b]
    26 0000000B F625[01000000]                mul byte[b]
    27                                          ; exit(0)
    28 00000011 6A00                            push    dword 0      ; push the parameter for exit onto the stack
    29 00000013 FF15[00000000]                  call    [exit]       ; call exit to terminate the program
